mvn : WARNING: A terminally deprecated method in sun.misc.Unsafe has been called
At line:1 char:1
+ mvn compile > compile_output.txt 2>&1
+ ~~~~~~~~~~~~~~~~~~~~~~~~~~~~~~~~~~~~~
    + CategoryInfo          : NotSpecified: (WARNING: A term...has been called:String) [], RemoteException
    + FullyQualifiedErrorId : NativeCommandError
 
WARNING: sun.misc.Unsafe::staticFieldBase has been called by com.google.inject.internal.aop.HiddenClassDefi
ner (file:/C:/Users/Andreas/.trae/tools/maven/latest/lib/guice-5.1.0-classes.jar)
WARNING: Please consider reporting this to the maintainers of class com.google.inject.internal.aop.HiddenCl
assDefiner
WARNING: sun.misc.Unsafe::staticFieldBase will be removed in a future release
[INFO] Scanning for projects...
[INFO] 
[INFO] ------------------------< com.axion:axion-bot >-------------------------
[INFO] Building Axion Bot 1.0.0
[INFO]   from pom.xml
[INFO] --------------------------------[ jar ]---------------------------------
[INFO] 
[INFO] --- resources:3.3.1:resources (default-resources) @ axion-bot ---
[INFO] Copying 67 resources from src\main\resources to target\classes
[INFO] 
[INFO] --- compiler:3.11.0:compile (default-compile) @ axion-bot ---
[INFO] Changes detected - recompiling the module! :source
[INFO] Compiling 134 source files with javac [debug target 17] to target\classes
[INFO] /C:/Users/Andreas/OneDrive/Documents/GitHub/Axion.github.io/src/main/java/com/axion/bot/web/ModerationConfigurationController.java: C:\Users\Andreas\OneDrive\Documents\GitHub\Axion.github.io\src\main\java\com\axion\bot\web\ModerationConfigurationController.java uses unchecked or unsafe operations.
[INFO] /C:/Users/Andreas/OneDrive/Documents/GitHub/Axion.github.io/src/main/java/com/axion/bot/web/ModerationConfigurationController.java: Recompile with -Xlint:unchecked for details.
[INFO] Some messages have been simplified; recompile with -Xdiags:verbose to get full output
[INFO] -------------------------------------------------------------
[WARNING] COMPILATION WARNING : 
[INFO] -------------------------------------------------------------
[WARNING] location of system modules is not set in conjunction with -source 17
  not setting the location of system modules may lead to class files that cannot run on JDK 17
    --release 17 is recommended instead of -source 17 -target 17 because it sets the location of system modules automatically
[INFO] 1 warning
[INFO] -------------------------------------------------------------
[INFO] -------------------------------------------------------------
[ERROR] COMPILATION ERROR : 
[INFO] -------------------------------------------------------------
[ERROR] /C:/Users/Andreas/OneDrive/Documents/GitHub/Axion.github.io/src/main/java/com/axion/bot/moderation/AppealSystemModels.java:[12,1] duplicate class: com.axion.bot.moderation.AppealStatus
[ERROR] /C:/Users/Andreas/OneDrive/Documents/GitHub/Axion.github.io/src/main/java/com/axion/bot/moderation/AppealSystemModels.java:[16,1] duplicate class: com.axion.bot.moderation.ProcessingPath
[ERROR] /C:/Users/Andreas/OneDrive/Documents/GitHub/Axion.github.io/src/main/java/com/axion/bot/moderation/AppealSystemModels.java:[20,1] duplicate class: com.axion.bot.moderation.ReviewDecision
[ERROR] /C:/Users/Andreas/OneDrive/Documents/GitHub/Axion.github.io/src/main/java/com/axion/bot/moderation/AppealSystemModels.java:[25,1] duplicate class: com.axion.bot.moderation.WorkflowConfig
[ERROR] /C:/Users/Andreas/OneDrive/Documents/GitHub/Axion.github.io/src/main/java/com/axion/bot/moderation/AppealSystemModels.java:[33,1] duplicate class: com.axion.bot.moderation.AppealAnalyzerConfig
[ERROR] /C:/Users/Andreas/OneDrive/Documents/GitHub/Axion.github.io/src/main/java/com/axion/bot/moderation/AppealSystemModels.java:[43,1] duplicate class: com.axion.bot.moderation.AutoReviewConfig
[ERROR] /C:/Users/Andreas/OneDrive/Documents/GitHub/Axion.github.io/src/main/java/com/axion/bot/moderation/AppealSystemModels.java:[53,1] duplicate class: com.axion.bot.moderation.NotificationConfig
[ERROR] /C:/Users/Andreas/OneDrive/Documents/GitHub/Axion.github.io/src/main/java/com/axion/bot/moderation/CustomizableModerationSystem.java:[196,1] duplicate class: com.axion.bot.moderation.GuildModerationConfig
[ERROR] /C:/Users/Andreas/OneDrive/Documents/GitHub/Axion.github.io/src/main/java/com/axion/bot/moderation/CustomizableModerationSystem.java:[653,1] duplicate class: com.axion.bot.moderation.RuleCondition
[ERROR] /C:/Users/Andreas/OneDrive/Documents/GitHub/Axion.github.io/src/main/java/com/axion/bot/moderation/CustomizableModerationSystem.java:[724,1] duplicate class: com.axion.bot.moderation.ActionType
[ERROR] /C:/Users/Andreas/OneDrive/Documents/GitHub/Axion.github.io/src/main/java/com/axion/bot/moderation/CustomizableModerationSystem.java:[1015,1] duplicate class: com.axion.bot.moderation.ModerationAction
[ERROR] /C:/Users/Andreas/OneDrive/Documents/GitHub/Axion.github.io/src/main/java/com/axion/bot/moderation/AIContentAnalyzer.java:[542,1] duplicate class: com.axion.bot.moderation.ContentAnalysisResult
[ERROR] /C:/Users/Andreas/OneDrive/Documents/GitHub/Axion.github.io/src/main/java/com/axion/bot/moderation/AIContentAnalyzer.java:[631,1] duplicate class: com.axion.bot.moderation.ThreatAnalysisResult
[ERROR] /C:/Users/Andreas/OneDrive/Documents/GitHub/Axion.github.io/src/main/java/com/axion/bot/moderation/ModerationConfigurationManager.java:[1104,1] duplicate class: com.axion.bot.moderation.ConfigurationStatistics
[ERROR] /C:/Users/Andreas/OneDrive/Documents/GitHub/Axion.github.io/src/main/java/com/axion/bot/moderation/ModerationConfigurationManager.java:[1159,1] duplicate class: com.axion.bot.moderation.ConfigurationDiff
[ERROR] /C:/Users/Andreas/OneDrive/Documents/GitHub/Axion.github.io/src/main/java/com/axion/bot/moderation/AppealRequest.java:[8,8] duplicate class: com.axion.bot.moderation.AppealRequest
[ERROR] /C:/Users/Andreas/OneDrive/Documents/GitHub/Axion.github.io/src/main/java/com/axion/bot/moderation/ModerationActionType.java:[6,8] duplicate class: com.axion.bot.moderation.ModerationActionType
[ERROR] /C:/Users/Andreas/OneDrive/Documents/GitHub/Axion.github.io/src/main/java/com/axion/bot/moderation/LogicOperator.java:[6,8] duplicate class: com.axion.bot.moderation.LogicOperator
[ERROR] /C:/Users/Andreas/OneDrive/Documents/GitHub/Axion.github.io/src/main/java/com/axion/bot/moderation/ThreatIntelligenceModels.java:[8,58] cannot find symbol
  symbol:   class ActivityType
  location: class com.axion.bot.moderation.BehavioralAnalyticsEngine
[ERROR] /C:/Users/Andreas/OneDrive/Documents/GitHub/Axion.github.io/src/main/java/com/axion/bot/moderation/RuleEvaluationResult.java:[29,12] name clash: RuleEvaluationResult(boolean,java.util.List<java.lang.String>,double,long) and RuleEvaluationResult(boolean,java.util.List<com.axion.bot.moderation.RuleMatch>,double,long) have the same erasure
[ERROR] /C:/Users/Andreas/OneDrive/Documents/GitHub/Axion.github.io/src/main/java/com/axion/bot/moderation/web/ModerationConfigurationController.java:[81,13] cannot find symbol
  symbol:   class ConfigurationValidationRequest
  location: class com.axion.bot.moderation.web.ModerationConfigurationController
[ERROR] /C:/Users/Andreas/OneDrive/Documents/GitHub/Axion.github.io/src/main/java/com/axion/bot/moderation/web/ModerationConfigurationController.java:[660,18] cannot find symbol
  symbol:   class ConfigurationHistoryEntry
  location: class com.axion.bot.moderation.web.ConfigurationHistoryResponse
[ERROR] /C:/Users/Andreas/OneDrive/Documents/GitHub/Axion.github.io/src/main/java/com/axion/bot/moderation/web/ModerationConfigurationController.java:[664,17] cannot find symbol
  symbol:   class ConfigurationHistoryEntry
  location: class com.axion.bot.moderation.web.ConfigurationHistoryResponse
[ERROR] /C:/Users/Andreas/OneDrive/Documents/GitHub/Axion.github.io/src/main/java/com/axion/bot/moderation/web/ModerationConfigurationController.java:[665,33] cannot find symbol
  symbol:   class ConfigurationHistoryEntry
  location: class com.axion.bot.moderation.web.ConfigurationHistoryResponse
[ERROR] /C:/Users/Andreas/OneDrive/Documents/GitHub/Axion.github.io/src/main/java/com/axion/bot/moderation/web/ModerationConfigurationController.java:[582,13] cannot find symbol
  symbol:   class CloneOptions
  location: class com.axion.bot.moderation.web.ConfigurationCloneRequest
[ERROR] /C:/Users/Andreas/OneDrive/Documents/GitHub/Axion.github.io/src/main/java/com/axion/bot/moderation/web/ModerationConfigurationController.java:[586,12] cannot find symbol
  symbol:   class CloneOptions
  location: class com.axion.bot.moderation.web.ConfigurationCloneRequest
[ERROR] /C:/Users/Andreas/OneDrive/Documents/GitHub/Axion.github.io/src/main/java/com/axion/bot/moderation/web/ModerationConfigurationController.java:[587,28] cannot find symbol
  symbol:   class CloneOptions
  location: class com.axion.bot.moderation.web.ConfigurationCloneRequest
[ERROR] /C:/Users/Andreas/OneDrive/Documents/GitHub/Axion.github.io/src/main/java/com/axion/bot/moderation/ThreatIntelligenceModels.java:[211,36] cannot find symbol
  symbol:   method getSeverity()
  location: class com.axion.bot.moderation.ThreatLevel
[ERROR] /C:/Users/Andreas/OneDrive/Documents/GitHub/Axion.github.io/src/main/java/com/axion/bot/moderation/ThreatIntelligenceModels.java:[211,67] cannot find symbol
  symbol:   method getSeverity()
  location: variable maxThreatLevel of type com.axion.bot.moderation.ThreatLevel
[ERROR] /C:/Users/Andreas/OneDrive/Documents/GitHub/Axion.github.io/src/main/java/com/axion/bot/moderation/ThreatIntelligenceModels.java:[241,57] cannot find symbol
  symbol:   method getSeverity()
  location: class com.axion.bot.moderation.ThreatLevel
[ERROR] /C:/Users/Andreas/OneDrive/Documents/GitHub/Axion.github.io/src/main/java/com/axion/bot/moderation/ThreatIntelligenceModels.java:[251,56] cannot find symbol
  symbol:   method getSeverity()
  location: variable maxThreatLevel of type com.axion.bot.moderation.ThreatLevel
[ERROR] /C:/Users/Andreas/OneDrive/Documents/GitHub/Axion.github.io/src/main/java/com/axion/bot/moderation/ThreatIntelligenceModels.java:[251,90] cannot find symbol
  symbol:   method getSeverity()
  location: variable HIGH of type com.axion.bot.moderation.ThreatLevel
[ERROR] /C:/Users/Andreas/OneDrive/Documents/GitHub/Axion.github.io/src/main/java/com/axion/bot/moderation/UserContext.java:[78,23] cannot find symbol
  symbol:   method getAccountAge()
  location: variable profile of type com.axion.bot.moderation.UserModerationProfile
[ERROR] /C:/Users/Andreas/OneDrive/Documents/GitHub/Axion.github.io/src/main/java/com/axion/bot/tickets/OptimizedTicketManager.java:[309,27] cannot find symbol
  symbol:   method setThreadId(java.lang.String)
  location: variable ticket of type com.axion.bot.tickets.Ticket
[ERROR] /C:/Users/Andreas/OneDrive/Documents/GitHub/Axion.github.io/src/main/java/com/axion/bot/moderation/EnhancedModerationAnalytics.java:[308,16] constructor RiskAssessment in class com.axion.bot.moderation.RiskAssessment cannot be applied to given types;
  required: com.axion.bot.moderation.RiskAssessment.Builder
  found:    com.axion.bot.moderation.RiskLevel,double,java.util.List<java.lang.String>,java.util.List<java.lang.String>,java.time.Instant
  reason: actual and formal argument lists differ in length
[ERROR] /C:/Users/Andreas/OneDrive/Documents/GitHub/Axion.github.io/src/main/java/com/axion/bot/moderation/CustomizableModerationSystem.java:[68,86] cannot find symbol
  symbol:   method getFilterConfig()
  location: variable config of type com.axion.bot.moderation.GuildModerationConfig
[ERROR] /C:/Users/Andreas/OneDrive/Documents/GitHub/Axion.github.io/src/main/java/com/axion/bot/moderation/CustomizableModerationSystem.java:[71,90] cannot find symbol
  symbol:   method getCustomRules()
  location: variable config of type com.axion.bot.moderation.GuildModerationConfig
[ERROR] /C:/Users/Andreas/OneDrive/Documents/GitHub/Axion.github.io/src/main/java/com/axion/bot/moderation/CustomizableModerationSystem.java:[74,104] cannot find symbol
  symbol:   method getThresholdConfig()
  location: variable config of type com.axion.bot.moderation.GuildModerationConfig
[ERROR] /C:/Users/Andreas/OneDrive/Documents/GitHub/Axion.github.io/src/main/java/com/axion/bot/moderation/CustomizableModerationSystem.java:[77,107] cannot find symbol
  symbol:   method getActionConfig()
  location: variable config of type com.axion.bot.moderation.GuildModerationConfig
[ERROR] /C:/Users/Andreas/OneDrive/Documents/GitHub/Axion.github.io/src/main/java/com/axion/bot/moderation/CustomizableModerationSystem.java:[87,16] ModerationResult(boolean,java.lang.String,com.axion.bot.moderation.ModerationAction,int) has private access in com.axion.bot.moderation.ModerationResult
[ERROR] /C:/Users/Andreas/OneDrive/Documents/GitHub/Axion.github.io/src/main/java/com/axion/bot/moderation/CustomizableModerationSystem.java:[94,16] Builder(java.lang.String) has private access in com.axion.bot.moderation.GuildModerationConfig.Builder
[ERROR] /C:/Users/Andreas/OneDrive/Documents/GitHub/Axion.github.io/src/main/java/com/axion/bot/moderation/CustomizableModerationSystem.java:[95,13] cannot find symbol
  symbol:   method withFilterConfig(com.axion.bot.moderation.FilterConfig)
  location: class com.axion.bot.moderation.GuildModerationConfig.Builder
[ERROR] /C:/Users/Andreas/OneDrive/Documents/GitHub/Axion.github.io/src/main/java/com/axion/bot/moderation/CustomizableModerationSystem.java:[121,45] cannot find symbol
  symbol:   class Builder
  location: class com.axion.bot.moderation.RuleCondition
[ERROR] /C:/Users/Andreas/OneDrive/Documents/GitHub/Axion.github.io/src/main/java/com/axion/bot/moderation/CustomizableModerationSystem.java:[135,45] cannot find symbol
  symbol:   class Builder
  location: class com.axion.bot.moderation.RuleCondition
[ERROR] /C:/Users/Andreas/OneDrive/Documents/GitHub/Axion.github.io/src/main/java/com/axion/bot/moderation/CustomizableModerationSystem.java:[148,45] cannot find symbol
  symbol:   class Builder
  location: class com.axion.bot.moderation.RuleCondition
[ERROR] /C:/Users/Andreas/OneDrive/Documents/GitHub/Axion.github.io/src/main/java/com/axion/bot/moderation/SmartRulesEngine.java:[54,41] constructor ModerationContext in class com.axion.bot.moderation.ModerationContext cannot be applied to given types;
  required: com.axion.bot.moderation.ModerationContext.Builder
  found:    java.lang.String,net.dv8tion.jda.api.entities.User,net.dv8tion.jda.api.entities.Guild,com.axion.bot.moderation.UserModerationProfile,com.axion.bot.moderation.GuildModerationConfig
  reason: actual and formal argument lists differ in length
[ERROR] /C:/Users/Andreas/OneDrive/Documents/GitHub/Axion.github.io/src/main/java/com/axion/bot/moderation/SmartRulesEngine.java:[64,36] cannot find symbol
  symbol:   method isPassed()
  location: variable ruleResult of type com.axion.bot.moderation.RuleEvaluationResult
[ERROR] /C:/Users/Andreas/OneDrive/Documents/GitHub/Axion.github.io/src/main/java/com/axion/bot/moderation/SmartRulesEngine.java:[66,50] cannot find symbol
  symbol:   method getOverallScore()
  location: variable ruleResult of type com.axion.bot.moderation.RuleEvaluationResult
[ERROR] /C:/Users/Andreas/OneDrive/Documents/GitHub/Axion.github.io/src/main/java/com/axion/bot/moderation/SmartRulesEngine.java:[75,58] cannot find symbol
  symbol:   method getRecommendations()
  location: variable ruleResult of type com.axion.bot.moderation.RuleEvaluationResult
[ERROR] /C:/Users/Andreas/OneDrive/Documents/GitHub/Axion.github.io/src/main/java/com/axion/bot/moderation/SmartRulesEngine.java:[94,44] cannot find symbol
  symbol:   method passed(long)
  location: class com.axion.bot.moderation.RuleEvaluationResult
[ERROR] /C:/Users/Andreas/OneDrive/Documents/GitHub/Axion.github.io/src/main/java/com/axion/bot/moderation/SmartRulesEngine.java:[96,44] cannot find symbol
  symbol:   method failed(java.util.List<java.lang.String>,java.util.Map<java.lang.String,java.lang.Double>,double,java.lang.String,com.axion.bot.moderation.ModerationSeverity,java.util.List<java.lang.String>,long)
  location: class com.axion.bot.moderation.RuleEvaluationResult
[ERROR] /C:/Users/Andreas/OneDrive/Documents/GitHub/Axion.github.io/src/main/java/com/axion/bot/moderation/SmartRulesEngine.java:[104,40] cannot find symbol
  symbol:   method failed(java.util.List<java.lang.String>,java.util.Map<java.lang.String,java.lang.Double>,double,java.lang.String,com.axion.bot.moderation.ModerationSeverity,java.util.List<java.lang.String>,long)
  location: class com.axion.bot.moderation.RuleEvaluationResult
[ERROR] /C:/Users/Andreas/OneDrive/Documents/GitHub/Axion.github.io/src/main/java/com/axion/bot/moderation/SmartRulesEngine.java:[118,21] cannot find symbol
  symbol:   method getType()
  location: variable rule of type com.axion.bot.moderation.ModerationRule
[ERROR] /C:/Users/Andreas/OneDrive/Documents/GitHub/Axion.github.io/src/main/java/com/axion/bot/moderation/SmartRulesEngine.java:[120,37] cannot find symbol
  symbol:   method evaluateRule(com.axion.bot.moderation.ModerationRule,com.axion.bot.moderation.ModerationContext)
  location: variable contentEngine of type com.axion.bot.moderation.ContentRuleEngine
[ERROR] /C:/Users/Andreas/OneDrive/Documents/GitHub/Axion.github.io/src/main/java/com/axion/bot/moderation/SmartRulesEngine.java:[122,38] cannot find symbol
  symbol:   method evaluateRule(com.axion.bot.moderation.ModerationRule,com.axion.bot.moderation.ModerationContext)
  location: variable behaviorEngine of type com.axion.bot.moderation.BehaviorRuleEngine
[ERROR] /C:/Users/Andreas/OneDrive/Documents/GitHub/Axion.github.io/src/main/java/com/axion/bot/moderation/SmartRulesEngine.java:[124,37] cannot find symbol
  symbol:   method evaluateRule(com.axion.bot.moderation.ModerationRule,com.axion.bot.moderation.ModerationContext)
  location: variable contextEngine of type com.axion.bot.moderation.ContextRuleEngine
[ERROR] /C:/Users/Andreas/OneDrive/Documents/GitHub/Axion.github.io/src/main/java/com/axion/bot/moderation/SmartRulesEngine.java:[126,44] cannot find symbol
  symbol:   method passed(int)
  location: class com.axion.bot.moderation.RuleEvaluationResult
[ERROR] /C:/Users/Andreas/OneDrive/Documents/GitHub/Axion.github.io/src/main/java/com/axion/bot/moderation/SmartRulesEngine.java:[208,19] cannot find symbol
  symbol:   variable RuleType
  location: class com.axion.bot.moderation.SmartRulesEngine
[ERROR] /C:/Users/Andreas/OneDrive/Documents/GitHub/Axion.github.io/src/main/java/com/axion/bot/moderation/SmartRulesEngine.java:[220,19] cannot find symbol
  symbol:   variable RuleType
  location: class com.axion.bot.moderation.SmartRulesEngine
[ERROR] /C:/Users/Andreas/OneDrive/Documents/GitHub/Axion.github.io/src/main/java/com/axion/bot/moderation/SmartRulesEngine.java:[232,19] cannot find symbol
  symbol:   variable RuleType
  location: class com.axion.bot.moderation.SmartRulesEngine
[ERROR] /C:/Users/Andreas/OneDrive/Documents/GitHub/Axion.github.io/src/main/java/com/axion/bot/moderation/SmartAutoModerationEngine.java:[257,18] cannot find symbol
  symbol:   variable CONTENT
  location: class com.axion.bot.moderation.SmartAutoModerationEngine
[ERROR] /C:/Users/Andreas/OneDrive/Documents/GitHub/Axion.github.io/src/main/java/com/axion/bot/moderation/SmartAutoModerationEngine.java:[258,37] cannot find symbol
  symbol:   method evaluateCondition(com.axion.bot.moderation.RuleCondition,com.axion.bot.moderation.ModerationContext)
  location: variable contentEngine of type com.axion.bot.moderation.ContentRuleEngine
[ERROR] /C:/Users/Andreas/OneDrive/Documents/GitHub/Axion.github.io/src/main/java/com/axion/bot/moderation/SmartAutoModerationEngine.java:[259,18] cannot find symbol
  symbol:   variable BEHAVIOR
  location: class com.axion.bot.moderation.SmartAutoModerationEngine
[ERROR] /C:/Users/Andreas/OneDrive/Documents/GitHub/Axion.github.io/src/main/java/com/axion/bot/moderation/SmartAutoModerationEngine.java:[260,38] cannot find symbol
  symbol:   method evaluateCondition(com.axion.bot.moderation.RuleCondition,com.axion.bot.moderation.ModerationContext)
  location: variable behaviorEngine of type com.axion.bot.moderation.BehaviorRuleEngine
[ERROR] /C:/Users/Andreas/OneDrive/Documents/GitHub/Axion.github.io/src/main/java/com/axion/bot/moderation/SmartAutoModerationEngine.java:[261,18] cannot find symbol
  symbol:   variable CONTEXT
  location: class com.axion.bot.moderation.SmartAutoModerationEngine
[ERROR] /C:/Users/Andreas/OneDrive/Documents/GitHub/Axion.github.io/src/main/java/com/axion/bot/moderation/SmartAutoModerationEngine.java:[262,37] cannot find symbol
  symbol:   method evaluateCondition(com.axion.bot.moderation.RuleCondition,com.axion.bot.moderation.ModerationContext)
  location: variable contextEngine of type com.axion.bot.moderation.ContextRuleEngine
[ERROR] /C:/Users/Andreas/OneDrive/Documents/GitHub/Axion.github.io/src/main/java/com/axion/bot/moderation/SmartAutoModerationEngine.java:[263,18] cannot find symbol
  symbol:   variable USER_HISTORY
  location: class com.axion.bot.moderation.SmartAutoModerationEngine
[ERROR] /C:/Users/Andreas/OneDrive/Documents/GitHub/Axion.github.io/src/main/java/com/axion/bot/moderation/SmartAutoModerationEngine.java:[265,18] cannot find symbol
  symbol:   variable FREQUENCY
  location: class com.axion.bot.moderation.SmartAutoModerationEngine
[ERROR] /C:/Users/Andreas/OneDrive/Documents/GitHub/Axion.github.io/src/main/java/com/axion/bot/moderation/SmartAutoModerationEngine.java:[267,18] cannot find symbol
  symbol:   variable CUSTOM
  location: class com.axion.bot.moderation.SmartAutoModerationEngine
[ERROR] /C:/Users/Andreas/OneDrive/Documents/GitHub/Axion.github.io/src/main/java/com/axion/bot/moderation/SmartAutoModerationEngine.java:[298,9] cannot find symbol
  symbol:   class EscalationResult
  location: class com.axion.bot.moderation.SmartAutoModerationEngine
[ERROR] /C:/Users/Andreas/OneDrive/Documents/GitHub/Axion.github.io/src/main/java/com/axion/bot/moderation/SmartAutoModerationEngine.java:[298,55] cannot find symbol
  symbol:   method calculateEscalation(com.axion.bot.moderation.ModerationRule,java.util.List<com.axion.bot.moderation.ActionRecord>,com.axion.bot.moderation.ModerationContext)
  location: variable escalationEngine of type com.axion.bot.moderation.EscalationEngine
[ERROR] /C:/Users/Andreas/OneDrive/Documents/GitHub/Axion.github.io/src/main/java/com/axion/bot/moderation/SmartAutoModerationEngine.java:[483,41] cannot find symbol
  symbol:   variable CRITICAL
  location: class com.axion.bot.moderation.ModerationSeverity
[ERROR] /C:/Users/Andreas/OneDrive/Documents/GitHub/Axion.github.io/src/main/java/com/axion/bot/moderation/SmartAutoModerationEngine.java:[528,41] cannot find symbol
  symbol:   variable CRITICAL
  location: class com.axion.bot.moderation.ModerationSeverity
[ERROR] /C:/Users/Andreas/OneDrive/Documents/GitHub/Axion.github.io/src/main/java/com/axion/bot/moderation/SmartAutoModerationEngine.java:[567,45] cannot find symbol
  symbol:   method getMessageFrequency()
  location: variable context of type com.axion.bot.moderation.ModerationContext
[ERROR] /C:/Users/Andreas/OneDrive/Documents/GitHub/Axion.github.io/src/main/java/com/axion/bot/moderation/SmartAutoModerationEngine.java:[570,44] cannot find symbol
  symbol:   method getActionFrequency()
  location: variable context of type com.axion.bot.moderation.ModerationContext
[ERROR] /C:/Users/Andreas/OneDrive/Documents/GitHub/Axion.github.io/src/main/java/com/axion/bot/moderation/SmartAutoModerationEngine.java:[585,52] incompatible types: java.lang.Object cannot be converted to java.lang.String
[ERROR] /C:/Users/Andreas/OneDrive/Documents/GitHub/Axion.github.io/src/main/java/com/axion/bot/moderation/SmartAutoModerationEngine.java:[723,18] an enum switch case label must be the unqualified name of an enumeration constant
[ERROR] /C:/Users/Andreas/OneDrive/Documents/GitHub/Axion.github.io/src/main/java/com/axion/bot/moderation/ModerationDecision.java:[84,41] cannot find symbol
  symbol:   variable CRITICAL
  location: class com.axion.bot.moderation.ModerationSeverity
[ERROR] /C:/Users/Andreas/OneDrive/Documents/GitHub/Axion.github.io/src/main/java/com/axion/bot/moderation/ThreatIntelligenceSystem.java:[69,71] incompatible types: com.axion.bot.moderation.ThreatLevel cannot be converted to com.axion.bot.moderation.ThreatIntelligenceSystem.ThreatLevel
[ERROR] /C:/Users/Andreas/OneDrive/Documents/GitHub/Axion.github.io/src/main/java/com/axion/bot/moderation/ThreatIntelligenceSystem.java:[105,40] method noThreat in class com.axion.bot.moderation.ThreatAssessment cannot be applied to given types;
  required: java.lang.String,java.lang.String
  found:    long
  reason: actual and formal argument lists differ in length
[ERROR] /C:/Users/Andreas/OneDrive/Documents/GitHub/Axion.github.io/src/main/java/com/axion/bot/moderation/ThreatIntelligenceSystem.java:[110,40] cannot find symbol
  symbol:   method detectedThreat(com.axion.bot.moderation.ThreatIntelligenceSystem.ThreatLevel,java.util.List<java.lang.String>,double,java.util.List<java.lang.String>,java.util.Map<java.lang.String,java.lang.Object>,java.lang.String,java.util.List<java.lang.String>,long)
  location: class com.axion.bot.moderation.ThreatAssessment
[ERROR] /C:/Users/Andreas/OneDrive/Documents/GitHub/Axion.github.io/src/main/java/com/axion/bot/moderation/ThreatIntelligenceSystem.java:[119,36] cannot find symbol
  symbol:   method detectedThreat(com.axion.bot.moderation.ThreatIntelligenceSystem.ThreatLevel,java.util.List<java.lang.String>,double,java.util.List<java.lang.String>,java.util.Map<java.lang.Object,java.lang.Object>,java.lang.String,java.util.List<java.lang.String>,long)
  location: class com.axion.bot.moderation.ThreatAssessment
[ERROR] /C:/Users/Andreas/OneDrive/Documents/GitHub/Axion.github.io/src/main/java/com/axion/bot/moderation/ThreatIntelligenceSystem.java:[151,57] incompatible types: com.axion.bot.moderation.ThreatType cannot be converted to java.lang.String
[ERROR] /C:/Users/Andreas/OneDrive/Documents/GitHub/Axion.github.io/src/main/java/com/axion/bot/moderation/ThreatIntelligenceSystem.java:[328,26] cannot find symbol
  symbol:   method plusDays(int)
  location: class java.time.Instant
[ERROR] /C:/Users/Andreas/OneDrive/Documents/GitHub/Axion.github.io/src/main/java/com/axion/bot/moderation/AIContentAnalyzer.java:[86,74] cannot find symbol
  symbol:   method getScore()
  location: variable threatResult of type com.axion.bot.moderation.ThreatAnalysisResult
[ERROR] /C:/Users/Andreas/OneDrive/Documents/GitHub/Axion.github.io/src/main/java/com/axion/bot/moderation/AIContentAnalyzer.java:[86,99] cannot find symbol
  symbol:   method getThreatTypes()
  location: variable threatResult of type com.axion.bot.moderation.ThreatAnalysisResult
[ERROR] /C:/Users/Andreas/OneDrive/Documents/GitHub/Axion.github.io/src/main/java/com/axion/bot/moderation/AIContentAnalyzer.java:[184,49] incompatible types: double cannot be converted to com.axion.bot.moderation.ThreatIntelligenceResult
[ERROR] /C:/Users/Andreas/OneDrive/Documents/GitHub/Axion.github.io/src/main/java/com/axion/bot/moderation/RealTimeThreatIntelligence.java:[77,27] constructor SpamDetectionEngine in class com.axion.bot.moderation.SpamDetectionEngine cannot be applied to given types;
  required: no arguments
  found:    com.axion.bot.moderation.RealTimeSpamDetectionConfig
  reason: actual and formal argument lists differ in length
[ERROR] /C:/Users/Andreas/OneDrive/Documents/GitHub/Axion.github.io/src/main/java/com/axion/bot/moderation/RealTimeThreatIntelligence.java:[131,60] cannot find symbol
  symbol:   method analyzeContent(java.lang.String,com.axion.bot.moderation.ContentType)
  location: variable spamEngine of type com.axion.bot.moderation.SpamDetectionEngine
[ERROR] /C:/Users/Andreas/OneDrive/Documents/GitHub/Axion.github.io/src/main/java/com/axion/bot/moderation/RealTimeThreatIntelligence.java:[287,39] invalid method reference
  cannot find symbol
    symbol:   method getSeverity()
    location: class com.axion.bot.moderation.ThreatLevel
[ERROR] /C:/Users/Andreas/OneDrive/Documents/GitHub/Axion.github.io/src/main/java/com/axion/bot/moderation/OptimizedModerationManager.java:[95,33] constructor SmartRulesEngine in class com.axion.bot.moderation.SmartRulesEngine cannot be applied to given types;
  required: com.axion.bot.moderation.ContentRuleEngine,com.axion.bot.moderation.BehaviorRuleEngine,com.axion.bot.moderation.ContextRuleEngine
  found:    no arguments
  reason: actual and formal argument lists differ in length
[ERROR] /C:/Users/Andreas/OneDrive/Documents/GitHub/Axion.github.io/src/main/java/com/axion/bot/moderation/OptimizedModerationManager.java:[96,34] constructor ThreatIntelligenceSystem in class com.axion.bot.moderation.ThreatIntelligenceSystem cannot be applied to given types;
  required: com.axion.bot.moderation.ThreatIntelligenceSystem.ThreatIntelligenceConfig
  found:    no arguments
  reason: actual and formal argument lists differ in length
[ERROR] /C:/Users/Andreas/OneDrive/Documents/GitHub/Axion.github.io/src/main/java/com/axion/bot/moderation/OptimizedModerationManager.java:[97,31] constructor AdvancedRaidProtection in class com.axion.bot.moderation.AdvancedRaidProtection cannot be applied to given types;
  required: com.axion.bot.moderation.AdvancedRaidProtection.RaidProtectionConfig
  found:    no arguments
  reason: actual and formal argument lists differ in length
[ERROR] /C:/Users/Andreas/OneDrive/Documents/GitHub/Axion.github.io/src/main/java/com/axion/bot/moderation/OptimizedModerationManager.java:[108,30] cannot find symbol
  symbol:   method executeGeneralTask(()->{ try [...]} } })
  location: variable asyncProcessor of type com.axion.bot.utils.OptimizedAsyncProcessor
[ERROR] /C:/Users/Andreas/OneDrive/Documents/GitHub/Axion.github.io/src/main/java/com/axion/bot/moderation/OptimizedModerationManager.java:[127,31] cannot find symbol
  symbol:   method executeGeneralTask(()->{ prof[...]ll; })
  location: variable asyncProcessor of type com.axion.bot.utils.OptimizedAsyncProcessor
[ERROR] /C:/Users/Andreas/OneDrive/Documents/GitHub/Axion.github.io/src/main/java/com/axion/bot/moderation/OptimizedModerationManager.java:[154,54] cannot find symbol
  symbol:   method borrowStringBuilder()
  location: variable objectPoolManager of type com.axion.bot.utils.ObjectPoolManager
[ERROR] /C:/Users/Andreas/OneDrive/Documents/GitHub/Axion.github.io/src/main/java/com/axion/bot/moderation/OptimizedModerationManager.java:[159,23] cannot find symbol
  symbol:   method isAiDetectionEnabled()
  location: variable config of type com.axion.bot.moderation.ModerationConfig
[ERROR] /C:/Users/Andreas/OneDrive/Documents/GitHub/Axion.github.io/src/main/java/com/axion/bot/moderation/OptimizedModerationManager.java:[162,21] constructor ConversationContext in class com.axion.bot.moderation.ConversationContext cannot be applied to given types;
  required: java.lang.String,java.lang.String,java.lang.String,java.util.List<java.lang.String>,com.axion.bot.moderation.UserBehaviorProfile,boolean,boolean
  found:    net.dv8tion.jda.api.events.message.MessageReceivedEvent,com.axion.bot.moderation.UserModerationProfile
  reason: actual and formal argument lists differ in length
[ERROR] /C:/Users/Andreas/OneDrive/Documents/GitHub/Axion.github.io/src/main/java/com/axion/bot/moderation/OptimizedModerationManager.java:[174,23] cannot find symbol
  symbol:   method isBehavioralAnalysisEnabled()
  location: variable config of type com.axion.bot.moderation.ModerationConfig
[ERROR] /C:/Users/Andreas/OneDrive/Documents/GitHub/Axion.github.io/src/main/java/com/axion/bot/moderation/OptimizedModerationManager.java:[177,42] incompatible types: java.util.List<com.axion.bot.moderation.RecentActivity> cannot be converted to java.util.List<com.axion.bot.moderation.UserActivity>
[INFO] 100 errors 
[INFO] -------------------------------------------------------------
[INFO] ------------------------------------------------------------------------
[INFO] BUILD FAILURE
[INFO] ------------------------------------------------------------------------
[INFO] Total time:  2.616 s
[INFO] Finished at: 2025-07-14T17:05:31+02:00
[INFO] ------------------------------------------------------------------------
[ERROR] Failed to execute goal org.apache.maven.plugins:maven-compiler-plugin:3.11.0:compile (default-compile) on project axion-bot: Compilation failure: Compilation failure: 
[ERROR] /C:/Users/Andreas/OneDrive/Documents/GitHub/Axion.github.io/src/main/java/com/axion/bot/moderation/AppealSystemModels.java:[12,1] duplicate class: com.axion.bot.moderation.AppealStatus
[ERROR] /C:/Users/Andreas/OneDrive/Documents/GitHub/Axion.github.io/src/main/java/com/axion/bot/moderation/AppealSystemModels.java:[16,1] duplicate class: com.axion.bot.moderation.ProcessingPath
[ERROR] /C:/Users/Andreas/OneDrive/Documents/GitHub/Axion.github.io/src/main/java/com/axion/bot/moderation/AppealSystemModels.java:[20,1] duplicate class: com.axion.bot.moderation.ReviewDecision
[ERROR] /C:/Users/Andreas/OneDrive/Documents/GitHub/Axion.github.io/src/main/java/com/axion/bot/moderation/AppealSystemModels.java:[25,1] duplicate class: com.axion.bot.moderation.WorkflowConfig
[ERROR] /C:/Users/Andreas/OneDrive/Documents/GitHub/Axion.github.io/src/main/java/com/axion/bot/moderation/AppealSystemModels.java:[33,1] duplicate class: com.axion.bot.moderation.AppealAnalyzerConfig
[ERROR] /C:/Users/Andreas/OneDrive/Documents/GitHub/Axion.github.io/src/main/java/com/axion/bot/moderation/AppealSystemModels.java:[43,1] duplicate class: com.axion.bot.moderation.AutoReviewConfig
[ERROR] /C:/Users/Andreas/OneDrive/Documents/GitHub/Axion.github.io/src/main/java/com/axion/bot/moderation/AppealSystemModels.java:[53,1] duplicate class: com.axion.bot.moderation.NotificationConfig
[ERROR] /C:/Users/Andreas/OneDrive/Documents/GitHub/Axion.github.io/src/main/java/com/axion/bot/moderation/CustomizableModerationSystem.java:[196,1] duplicate class: com.axion.bot.moderation.GuildModerationConfig
[ERROR] /C:/Users/Andreas/OneDrive/Documents/GitHub/Axion.github.io/src/main/java/com/axion/bot/moderation/CustomizableModerationSystem.java:[653,1] duplicate class: com.axion.bot.moderation.RuleCondition
[ERROR] /C:/Users/Andreas/OneDrive/Documents/GitHub/Axion.github.io/src/main/java/com/axion/bot/moderation/CustomizableModerationSystem.java:[724,1] duplicate class: com.axion.bot.moderation.ActionType
[ERROR] /C:/Users/Andreas/OneDrive/Documents/GitHub/Axion.github.io/src/main/java/com/axion/bot/moderation/CustomizableModerationSystem.java:[1015,1] duplicate class: com.axion.bot.moderation.ModerationAction
[ERROR] /C:/Users/Andreas/OneDrive/Documents/GitHub/Axion.github.io/src/main/java/com/axion/bot/moderation/AIContentAnalyzer.java:[542,1] duplicate class: com.axion.bot.moderation.ContentAnalysisResult
[ERROR] /C:/Users/Andreas/OneDrive/Documents/GitHub/Axion.github.io/src/main/java/com/axion/bot/moderation/AIContentAnalyzer.java:[631,1] duplicate class: com.axion.bot.moderation.ThreatAnalysisResult
[ERROR] /C:/Users/Andreas/OneDrive/Documents/GitHub/Axion.github.io/src/main/java/com/axion/bot/moderation/ModerationConfigurationManager.java:[1104,1] duplicate class: com.axion.bot.moderation.ConfigurationStatistics
[ERROR] /C:/Users/Andreas/OneDrive/Documents/GitHub/Axion.github.io/src/main/java/com/axion/bot/moderation/ModerationConfigurationManager.java:[1159,1] duplicate class: com.axion.bot.moderation.ConfigurationDiff
[ERROR] /C:/Users/Andreas/OneDrive/Documents/GitHub/Axion.github.io/src/main/java/com/axion/bot/moderation/AppealRequest.java:[8,8] duplicate class: com.axion.bot.moderation.AppealRequest
[ERROR] /C:/Users/Andreas/OneDrive/Documents/GitHub/Axion.github.io/src/main/java/com/axion/bot/moderation/ModerationActionType.java:[6,8] duplicate class: com.axion.bot.moderation.ModerationActionType
[ERROR] /C:/Users/Andreas/OneDrive/Documents/GitHub/Axion.github.io/src/main/java/com/axion/bot/moderation/LogicOperator.java:[6,8] duplicate class: com.axion.bot.moderation.LogicOperator
[ERROR] /C:/Users/Andreas/OneDrive/Documents/GitHub/Axion.github.io/src/main/java/com/axion/bot/moderation/ThreatIntelligenceModels.java:[8,58] cannot find symbol
[ERROR]   symbol:   class ActivityType
[ERROR]   location: class com.axion.bot.moderation.BehavioralAnalyticsEngine
[ERROR] /C:/Users/Andreas/OneDrive/Documents/GitHub/Axion.github.io/src/main/java/com/axion/bot/moderation/RuleEvaluationResult.java:[29,12] name clash: RuleEvaluationResult(boolean,java.util.List<java.lang.String>,double,long) and RuleEvaluationResult(boolean,java.util.List<com.axion.bot.moderation.RuleMatch>,double,long) have the same erasure
[ERROR] /C:/Users/Andreas/OneDrive/Documents/GitHub/Axion.github.io/src/main/java/com/axion/bot/moderation/web/ModerationConfigurationController.java:[81,13] cannot find symbol
[ERROR]   symbol:   class ConfigurationValidationRequest
[ERROR]   location: class com.axion.bot.moderation.web.ModerationConfigurationController
[ERROR] /C:/Users/Andreas/OneDrive/Documents/GitHub/Axion.github.io/src/main/java/com/axion/bot/moderation/web/ModerationConfigurationController.java:[660,18] cannot find symbol
[ERROR]   symbol:   class ConfigurationHistoryEntry
[ERROR]   location: class com.axion.bot.moderation.web.ConfigurationHistoryResponse
[ERROR] /C:/Users/Andreas/OneDrive/Documents/GitHub/Axion.github.io/src/main/java/com/axion/bot/moderation/web/ModerationConfigurationController.java:[664,17] cannot find symbol
[ERROR]   symbol:   class ConfigurationHistoryEntry
[ERROR]   location: class com.axion.bot.moderation.web.ConfigurationHistoryResponse
[ERROR] /C:/Users/Andreas/OneDrive/Documents/GitHub/Axion.github.io/src/main/java/com/axion/bot/moderation/web/ModerationConfigurationController.java:[665,33] cannot find symbol
[ERROR]   symbol:   class ConfigurationHistoryEntry
[ERROR]   location: class com.axion.bot.moderation.web.ConfigurationHistoryResponse
[ERROR] /C:/Users/Andreas/OneDrive/Documents/GitHub/Axion.github.io/src/main/java/com/axion/bot/moderation/web/ModerationConfigurationController.java:[582,13] cannot find symbol
[ERROR]   symbol:   class CloneOptions
[ERROR]   location: class com.axion.bot.moderation.web.ConfigurationCloneRequest
[ERROR] /C:/Users/Andreas/OneDrive/Documents/GitHub/Axion.github.io/src/main/java/com/axion/bot/moderation/web/ModerationConfigurationController.java:[586,12] cannot find symbol
[ERROR]   symbol:   class CloneOptions
[ERROR]   location: class com.axion.bot.moderation.web.ConfigurationCloneRequest
[ERROR] /C:/Users/Andreas/OneDrive/Documents/GitHub/Axion.github.io/src/main/java/com/axion/bot/moderation/web/ModerationConfigurationController.java:[587,28] cannot find symbol
[ERROR]   symbol:   class CloneOptions
[ERROR]   location: class com.axion.bot.moderation.web.ConfigurationCloneRequest
[ERROR] /C:/Users/Andreas/OneDrive/Documents/GitHub/Axion.github.io/src/main/java/com/axion/bot/moderation/ThreatIntelligenceModels.java:[211,36] cannot find symbol
[ERROR]   symbol:   method getSeverity()
[ERROR]   location: class com.axion.bot.moderation.ThreatLevel
[ERROR] /C:/Users/Andreas/OneDrive/Documents/GitHub/Axion.github.io/src/main/java/com/axion/bot/moderation/ThreatIntelligenceModels.java:[211,67] cannot find symbol
[ERROR]   symbol:   method getSeverity()
[ERROR]   location: variable maxThreatLevel of type com.axion.bot.moderation.ThreatLevel
[ERROR] /C:/Users/Andreas/OneDrive/Documents/GitHub/Axion.github.io/src/main/java/com/axion/bot/moderation/ThreatIntelligenceModels.java:[241,57] cannot find symbol
[ERROR]   symbol:   method getSeverity()
[ERROR]   location: class com.axion.bot.moderation.ThreatLevel
[ERROR] /C:/Users/Andreas/OneDrive/Documents/GitHub/Axion.github.io/src/main/java/com/axion/bot/moderation/ThreatIntelligenceModels.java:[251,56] cannot find symbol
[ERROR]   symbol:   method getSeverity()
[ERROR]   location: variable maxThreatLevel of type com.axion.bot.moderation.ThreatLevel
[ERROR] /C:/Users/Andreas/OneDrive/Documents/GitHub/Axion.github.io/src/main/java/com/axion/bot/moderation/ThreatIntelligenceModels.java:[251,90] cannot find symbol
[ERROR]   symbol:   method getSeverity()
[ERROR]   location: variable HIGH of type com.axion.bot.moderation.ThreatLevel
[ERROR] /C:/Users/Andreas/OneDrive/Documents/GitHub/Axion.github.io/src/main/java/com/axion/bot/moderation/UserContext.java:[78,23] cannot find symbol
[ERROR]   symbol:   method getAccountAge()
[ERROR]   location: variable profile of type com.axion.bot.moderation.UserModerationProfile
[ERROR] /C:/Users/Andreas/OneDrive/Documents/GitHub/Axion.github.io/src/main/java/com/axion/bot/tickets/OptimizedTicketManager.java:[309,27] cannot find symbol
[ERROR]   symbol:   method setThreadId(java.lang.String)
[ERROR]   location: variable ticket of type com.axion.bot.tickets.Ticket
[ERROR] /C:/Users/Andreas/OneDrive/Documents/GitHub/Axion.github.io/src/main/java/com/axion/bot/moderation/EnhancedModerationAnalytics.java:[308,16] constructor RiskAssessment in class com.axion.bot.moderation.RiskAssessment cannot be applied to given types;
[ERROR]   required: com.axion.bot.moderation.RiskAssessment.Builder
[ERROR]   found:    com.axion.bot.moderation.RiskLevel,double,java.util.List<java.lang.String>,java.util.List<java.lang.String>,java.time.Instant
[ERROR]   reason: actual and formal argument lists differ in length
[ERROR] /C:/Users/Andreas/OneDrive/Documents/GitHub/Axion.github.io/src/main/java/com/axion/bot/moderation/CustomizableModerationSystem.java:[68,86] cannot find symbol
[ERROR]   symbol:   method getFilterConfig()
[ERROR]   location: variable config of type com.axion.bot.moderation.GuildModerationConfig
[ERROR] /C:/Users/Andreas/OneDrive/Documents/GitHub/Axion.github.io/src/main/java/com/axion/bot/moderation/CustomizableModerationSystem.java:[71,90] cannot find symbol
[ERROR]   symbol:   method getCustomRules()
[ERROR]   location: variable config of type com.axion.bot.moderation.GuildModerationConfig
[ERROR] /C:/Users/Andreas/OneDrive/Documents/GitHub/Axion.github.io/src/main/java/com/axion/bot/moderation/CustomizableModerationSystem.java:[74,104] cannot find symbol
[ERROR]   symbol:   method getThresholdConfig()
[ERROR]   location: variable config of type com.axion.bot.moderation.GuildModerationConfig
[ERROR] /C:/Users/Andreas/OneDrive/Documents/GitHub/Axion.github.io/src/main/java/com/axion/bot/moderation/CustomizableModerationSystem.java:[77,107] cannot find symbol
[ERROR]   symbol:   method getActionConfig()
[ERROR]   location: variable config of type com.axion.bot.moderation.GuildModerationConfig
[ERROR] /C:/Users/Andreas/OneDrive/Documents/GitHub/Axion.github.io/src/main/java/com/axion/bot/moderation/CustomizableModerationSystem.java:[87,16] ModerationResult(boolean,java.lang.String,com.axion.bot.moderation.ModerationAction,int) has private access in com.axion.bot.moderation.ModerationResult
[ERROR] /C:/Users/Andreas/OneDrive/Documents/GitHub/Axion.github.io/src/main/java/com/axion/bot/moderation/CustomizableModerationSystem.java:[94,16] Builder(java.lang.String) has private access in com.axion.bot.moderation.GuildModerationConfig.Builder
[ERROR] /C:/Users/Andreas/OneDrive/Documents/GitHub/Axion.github.io/src/main/java/com/axion/bot/moderation/CustomizableModerationSystem.java:[95,13] cannot find symbol
[ERROR]   symbol:   method withFilterConfig(com.axion.bot.moderation.FilterConfig)
[ERROR]   location: class com.axion.bot.moderation.GuildModerationConfig.Builder
[ERROR] /C:/Users/Andreas/OneDrive/Documents/GitHub/Axion.github.io/src/main/java/com/axion/bot/moderation/CustomizableModerationSystem.java:[121,45] cannot find symbol
[ERROR]   symbol:   class Builder
[ERROR]   location: class com.axion.bot.moderation.RuleCondition
[ERROR] /C:/Users/Andreas/OneDrive/Documents/GitHub/Axion.github.io/src/main/java/com/axion/bot/moderation/CustomizableModerationSystem.java:[135,45] cannot find symbol
[ERROR]   symbol:   class Builder
[ERROR]   location: class com.axion.bot.moderation.RuleCondition
[ERROR] /C:/Users/Andreas/OneDrive/Documents/GitHub/Axion.github.io/src/main/java/com/axion/bot/moderation/CustomizableModerationSystem.java:[148,45] cannot find symbol
[ERROR]   symbol:   class Builder
[ERROR]   location: class com.axion.bot.moderation.RuleCondition
[ERROR] /C:/Users/Andreas/OneDrive/Documents/GitHub/Axion.github.io/src/main/java/com/axion/bot/moderation/SmartRulesEngine.java:[54,41] constructor ModerationContext in class com.axion.bot.moderation.ModerationContext cannot be applied to given types;
[ERROR]   required: com.axion.bot.moderation.ModerationContext.Builder
[ERROR]   found:    java.lang.String,net.dv8tion.jda.api.entities.User,net.dv8tion.jda.api.entities.Guild,com.axion.bot.moderation.UserModerationProfile,com.axion.bot.moderation.GuildModerationConfig
[ERROR]   reason: actual and formal argument lists differ in length
[ERROR] /C:/Users/Andreas/OneDrive/Documents/GitHub/Axion.github.io/src/main/java/com/axion/bot/moderation/SmartRulesEngine.java:[64,36] cannot find symbol
[ERROR]   symbol:   method isPassed()
[ERROR]   location: variable ruleResult of type com.axion.bot.moderation.RuleEvaluationResult
[ERROR] /C:/Users/Andreas/OneDrive/Documents/GitHub/Axion.github.io/src/main/java/com/axion/bot/moderation/SmartRulesEngine.java:[66,50] cannot find symbol
[ERROR]   symbol:   method getOverallScore()
[ERROR]   location: variable ruleResult of type com.axion.bot.moderation.RuleEvaluationResult
[ERROR] /C:/Users/Andreas/OneDrive/Documents/GitHub/Axion.github.io/src/main/java/com/axion/bot/moderation/SmartRulesEngine.java:[75,58] cannot find symbol
[ERROR]   symbol:   method getRecommendations()
[ERROR]   location: variable ruleResult of type com.axion.bot.moderation.RuleEvaluationResult
[ERROR] /C:/Users/Andreas/OneDrive/Documents/GitHub/Axion.github.io/src/main/java/com/axion/bot/moderation/SmartRulesEngine.java:[94,44] cannot find symbol
[ERROR]   symbol:   method passed(long)
[ERROR]   location: class com.axion.bot.moderation.RuleEvaluationResult
[ERROR] /C:/Users/Andreas/OneDrive/Documents/GitHub/Axion.github.io/src/main/java/com/axion/bot/moderation/SmartRulesEngine.java:[96,44] cannot find symbol
[ERROR]   symbol:   method failed(java.util.List<java.lang.String>,java.util.Map<java.lang.String,java.lang.Double>,double,java.lang.String,com.axion.bot.moderation.ModerationSeverity,java.util.List<java.lang.String>,long)
[ERROR]   location: class com.axion.bot.moderation.RuleEvaluationResult
[ERROR] /C:/Users/Andreas/OneDrive/Documents/GitHub/Axion.github.io/src/main/java/com/axion/bot/moderation/SmartRulesEngine.java:[104,40] cannot find symbol
[ERROR]   symbol:   method failed(java.util.List<java.lang.String>,java.util.Map<java.lang.String,java.lang.Double>,double,java.lang.String,com.axion.bot.moderation.ModerationSeverity,java.util.List<java.lang.String>,long)
[ERROR]   location: class com.axion.bot.moderation.RuleEvaluationResult
[ERROR] /C:/Users/Andreas/OneDrive/Documents/GitHub/Axion.github.io/src/main/java/com/axion/bot/moderation/SmartRulesEngine.java:[118,21] cannot find symbol
[ERROR]   symbol:   method getType()
[ERROR]   location: variable rule of type com.axion.bot.moderation.ModerationRule
[ERROR] /C:/Users/Andreas/OneDrive/Documents/GitHub/Axion.github.io/src/main/java/com/axion/bot/moderation/SmartRulesEngine.java:[120,37] cannot find symbol
[ERROR]   symbol:   method evaluateRule(com.axion.bot.moderation.ModerationRule,com.axion.bot.moderation.ModerationContext)
[ERROR]   location: variable contentEngine of type com.axion.bot.moderation.ContentRuleEngine
[ERROR] /C:/Users/Andreas/OneDrive/Documents/GitHub/Axion.github.io/src/main/java/com/axion/bot/moderation/SmartRulesEngine.java:[122,38] cannot find symbol
[ERROR]   symbol:   method evaluateRule(com.axion.bot.moderation.ModerationRule,com.axion.bot.moderation.ModerationContext)
[ERROR]   location: variable behaviorEngine of type com.axion.bot.moderation.BehaviorRuleEngine
[ERROR] /C:/Users/Andreas/OneDrive/Documents/GitHub/Axion.github.io/src/main/java/com/axion/bot/moderation/SmartRulesEngine.java:[124,37] cannot find symbol
[ERROR]   symbol:   method evaluateRule(com.axion.bot.moderation.ModerationRule,com.axion.bot.moderation.ModerationContext)
[ERROR]   location: variable contextEngine of type com.axion.bot.moderation.ContextRuleEngine
[ERROR] /C:/Users/Andreas/OneDrive/Documents/GitHub/Axion.github.io/src/main/java/com/axion/bot/moderation/SmartRulesEngine.java:[126,44] cannot find symbol
[ERROR]   symbol:   method passed(int)
[ERROR]   location: class com.axion.bot.moderation.RuleEvaluationResult
[ERROR] /C:/Users/Andreas/OneDrive/Documents/GitHub/Axion.github.io/src/main/java/com/axion/bot/moderation/SmartRulesEngine.java:[208,19] cannot find symbol
[ERROR]   symbol:   variable RuleType
[ERROR]   location: class com.axion.bot.moderation.SmartRulesEngine
[ERROR] /C:/Users/Andreas/OneDrive/Documents/GitHub/Axion.github.io/src/main/java/com/axion/bot/moderation/SmartRulesEngine.java:[220,19] cannot find symbol
[ERROR]   symbol:   variable RuleType
[ERROR]   location: class com.axion.bot.moderation.SmartRulesEngine
[ERROR] /C:/Users/Andreas/OneDrive/Documents/GitHub/Axion.github.io/src/main/java/com/axion/bot/moderation/SmartRulesEngine.java:[232,19] cannot find symbol
[ERROR]   symbol:   variable RuleType
[ERROR]   location: class com.axion.bot.moderation.SmartRulesEngine
[ERROR] /C:/Users/Andreas/OneDrive/Documents/GitHub/Axion.github.io/src/main/java/com/axion/bot/moderation/SmartAutoModerationEngine.java:[257,18] cannot find symbol
[ERROR]   symbol:   variable CONTENT
[ERROR]   location: class com.axion.bot.moderation.SmartAutoModerationEngine
[ERROR] /C:/Users/Andreas/OneDrive/Documents/GitHub/Axion.github.io/src/main/java/com/axion/bot/moderation/SmartAutoModerationEngine.java:[258,37] cannot find symbol
[ERROR]   symbol:   method evaluateCondition(com.axion.bot.moderation.RuleCondition,com.axion.bot.moderation.ModerationContext)
[ERROR]   location: variable contentEngine of type com.axion.bot.moderation.ContentRuleEngine
[ERROR] /C:/Users/Andreas/OneDrive/Documents/GitHub/Axion.github.io/src/main/java/com/axion/bot/moderation/SmartAutoModerationEngine.java:[259,18] cannot find symbol
[ERROR]   symbol:   variable BEHAVIOR
[ERROR]   location: class com.axion.bot.moderation.SmartAutoModerationEngine
[ERROR] /C:/Users/Andreas/OneDrive/Documents/GitHub/Axion.github.io/src/main/java/com/axion/bot/moderation/SmartAutoModerationEngine.java:[260,38] cannot find symbol
[ERROR]   symbol:   method evaluateCondition(com.axion.bot.moderation.RuleCondition,com.axion.bot.moderation.ModerationContext)
[ERROR]   location: variable behaviorEngine of type com.axion.bot.moderation.BehaviorRuleEngine
[ERROR] /C:/Users/Andreas/OneDrive/Documents/GitHub/Axion.github.io/src/main/java/com/axion/bot/moderation/SmartAutoModerationEngine.java:[261,18] cannot find symbol
[ERROR]   symbol:   variable CONTEXT
[ERROR]   location: class com.axion.bot.moderation.SmartAutoModerationEngine
[ERROR] /C:/Users/Andreas/OneDrive/Documents/GitHub/Axion.github.io/src/main/java/com/axion/bot/moderation/SmartAutoModerationEngine.java:[262,37] cannot find symbol
[ERROR]   symbol:   method evaluateCondition(com.axion.bot.moderation.RuleCondition,com.axion.bot.moderation.ModerationContext)
[ERROR]   location: variable contextEngine of type com.axion.bot.moderation.ContextRuleEngine
[ERROR] /C:/Users/Andreas/OneDrive/Documents/GitHub/Axion.github.io/src/main/java/com/axion/bot/moderation/SmartAutoModerationEngine.java:[263,18] cannot find symbol
[ERROR]   symbol:   variable USER_HISTORY
[ERROR]   location: class com.axion.bot.moderation.SmartAutoModerationEngine
[ERROR] /C:/Users/Andreas/OneDrive/Documents/GitHub/Axion.github.io/src/main/java/com/axion/bot/moderation/SmartAutoModerationEngine.java:[265,18] cannot find symbol
[ERROR]   symbol:   variable FREQUENCY
[ERROR]   location: class com.axion.bot.moderation.SmartAutoModerationEngine
[ERROR] /C:/Users/Andreas/OneDrive/Documents/GitHub/Axion.github.io/src/main/java/com/axion/bot/moderation/SmartAutoModerationEngine.java:[267,18] cannot find symbol
[ERROR]   symbol:   variable CUSTOM
[ERROR]   location: class com.axion.bot.moderation.SmartAutoModerationEngine
[ERROR] /C:/Users/Andreas/OneDrive/Documents/GitHub/Axion.github.io/src/main/java/com/axion/bot/moderation/SmartAutoModerationEngine.java:[298,9] cannot find symbol
[ERROR]   symbol:   class EscalationResult
[ERROR]   location: class com.axion.bot.moderation.SmartAutoModerationEngine
[ERROR] /C:/Users/Andreas/OneDrive/Documents/GitHub/Axion.github.io/src/main/java/com/axion/bot/moderation/SmartAutoModerationEngine.java:[298,55] cannot find symbol
[ERROR]   symbol:   method calculateEscalation(com.axion.bot.moderation.ModerationRule,java.util.List<com.axion.bot.moderation.ActionRecord>,com.axion.bot.moderation.ModerationContext)
[ERROR]   location: variable escalationEngine of type com.axion.bot.moderation.EscalationEngine
[ERROR] /C:/Users/Andreas/OneDrive/Documents/GitHub/Axion.github.io/src/main/java/com/axion/bot/moderation/SmartAutoModerationEngine.java:[483,41] cannot find symbol
[ERROR]   symbol:   variable CRITICAL
[ERROR]   location: class com.axion.bot.moderation.ModerationSeverity
[ERROR] /C:/Users/Andreas/OneDrive/Documents/GitHub/Axion.github.io/src/main/java/com/axion/bot/moderation/SmartAutoModerationEngine.java:[528,41] cannot find symbol
[ERROR]   symbol:   variable CRITICAL
[ERROR]   location: class com.axion.bot.moderation.ModerationSeverity
[ERROR] /C:/Users/Andreas/OneDrive/Documents/GitHub/Axion.github.io/src/main/java/com/axion/bot/moderation/SmartAutoModerationEngine.java:[567,45] cannot find symbol
[ERROR]   symbol:   method getMessageFrequency()
[ERROR]   location: variable context of type com.axion.bot.moderation.ModerationContext
[ERROR] /C:/Users/Andreas/OneDrive/Documents/GitHub/Axion.github.io/src/main/java/com/axion/bot/moderation/SmartAutoModerationEngine.java:[570,44] cannot find symbol
[ERROR]   symbol:   method getActionFrequency()
[ERROR]   location: variable context of type com.axion.bot.moderation.ModerationContext
[ERROR] /C:/Users/Andreas/OneDrive/Documents/GitHub/Axion.github.io/src/main/java/com/axion/bot/moderation/SmartAutoModerationEngine.java:[585,52] incompatible types: java.lang.Object cannot be converted to java.lang.String
[ERROR] /C:/Users/Andreas/OneDrive/Documents/GitHub/Axion.github.io/src/main/java/com/axion/bot/moderation/SmartAutoModerationEngine.java:[723,18] an enum switch case label must be the unqualified name of an enumeration constant
[ERROR] /C:/Users/Andreas/OneDrive/Documents/GitHub/Axion.github.io/src/main/java/com/axion/bot/moderation/ModerationDecision.java:[84,41] cannot find symbol
[ERROR]   symbol:   variable CRITICAL
[ERROR]   location: class com.axion.bot.moderation.ModerationSeverity
[ERROR] /C:/Users/Andreas/OneDrive/Documents/GitHub/Axion.github.io/src/main/java/com/axion/bot/moderation/ThreatIntelligenceSystem.java:[69,71] incompatible types: com.axion.bot.moderation.ThreatLevel cannot be converted to com.axion.bot.moderation.ThreatIntelligenceSystem.ThreatLevel
[ERROR] /C:/Users/Andreas/OneDrive/Documents/GitHub/Axion.github.io/src/main/java/com/axion/bot/moderation/ThreatIntelligenceSystem.java:[105,40] method noThreat in class com.axion.bot.moderation.ThreatAssessment cannot be applied to given types;
[ERROR]   required: java.lang.String,java.lang.String
[ERROR]   found:    long
[ERROR]   reason: actual and formal argument lists differ in length
[ERROR] /C:/Users/Andreas/OneDrive/Documents/GitHub/Axion.github.io/src/main/java/com/axion/bot/moderation/ThreatIntelligenceSystem.java:[110,40] cannot find symbol
[ERROR]   symbol:   method detectedThreat(com.axion.bot.moderation.ThreatIntelligenceSystem.ThreatLevel,java.util.List<java.lang.String>,double,java.util.List<java.lang.String>,java.util.Map<java.lang.String,java.lang.Object>,java.lang.String,java.util.List<java.lang.String>,long)
[ERROR]   location: class com.axion.bot.moderation.ThreatAssessment
[ERROR] /C:/Users/Andreas/OneDrive/Documents/GitHub/Axion.github.io/src/main/java/com/axion/bot/moderation/ThreatIntelligenceSystem.java:[119,36] cannot find symbol
[ERROR]   symbol:   method detectedThreat(com.axion.bot.moderation.ThreatIntelligenceSystem.ThreatLevel,java.util.List<java.lang.String>,double,java.util.List<java.lang.String>,java.util.Map<java.lang.Object,java.lang.Object>,java.lang.String,java.util.List<java.lang.String>,long)
[ERROR]   location: class com.axion.bot.moderation.ThreatAssessment
[ERROR] /C:/Users/Andreas/OneDrive/Documents/GitHub/Axion.github.io/src/main/java/com/axion/bot/moderation/ThreatIntelligenceSystem.java:[151,57] incompatible types: com.axion.bot.moderation.ThreatType cannot be converted to java.lang.String
[ERROR] /C:/Users/Andreas/OneDrive/Documents/GitHub/Axion.github.io/src/main/java/com/axion/bot/moderation/ThreatIntelligenceSystem.java:[328,26] cannot find symbol
[ERROR]   symbol:   method plusDays(int)
[ERROR]   location: class java.time.Instant
[ERROR] /C:/Users/Andreas/OneDrive/Documents/GitHub/Axion.github.io/src/main/java/com/axion/bot/moderation/AIContentAnalyzer.java:[86,74] cannot find symbol
[ERROR]   symbol:   method getScore()
[ERROR]   location: variable threatResult of type com.axion.bot.moderation.ThreatAnalysisResult
[ERROR] /C:/Users/Andreas/OneDrive/Documents/GitHub/Axion.github.io/src/main/java/com/axion/bot/moderation/AIContentAnalyzer.java:[86,99] cannot find symbol
[ERROR]   symbol:   method getThreatTypes()
[ERROR]   location: variable threatResult of type com.axion.bot.moderation.ThreatAnalysisResult
[ERROR] /C:/Users/Andreas/OneDrive/Documents/GitHub/Axion.github.io/src/main/java/com/axion/bot/moderation/AIContentAnalyzer.java:[184,49] incompatible types: double cannot be converted to com.axion.bot.moderation.ThreatIntelligenceResult
[ERROR] /C:/Users/Andreas/OneDrive/Documents/GitHub/Axion.github.io/src/main/java/com/axion/bot/moderation/RealTimeThreatIntelligence.java:[77,27] constructor SpamDetectionEngine in class com.axion.bot.moderation.SpamDetectionEngine cannot be applied to given types;
[ERROR]   required: no arguments
[ERROR]   found:    com.axion.bot.moderation.RealTimeSpamDetectionConfig
[ERROR]   reason: actual and formal argument lists differ in length
[ERROR] /C:/Users/Andreas/OneDrive/Documents/GitHub/Axion.github.io/src/main/java/com/axion/bot/moderation/RealTimeThreatIntelligence.java:[131,60] cannot find symbol
[ERROR]   symbol:   method analyzeContent(java.lang.String,com.axion.bot.moderation.ContentType)
[ERROR]   location: variable spamEngine of type com.axion.bot.moderation.SpamDetectionEngine
[ERROR] /C:/Users/Andreas/OneDrive/Documents/GitHub/Axion.github.io/src/main/java/com/axion/bot/moderation/RealTimeThreatIntelligence.java:[287,39] invalid method reference
[ERROR]   cannot find symbol
[ERROR]     symbol:   method getSeverity()
[ERROR]     location: class com.axion.bot.moderation.ThreatLevel
[ERROR] /C:/Users/Andreas/OneDrive/Documents/GitHub/Axion.github.io/src/main/java/com/axion/bot/moderation/OptimizedModerationManager.java:[95,33] constructor SmartRulesEngine in class com.axion.bot.moderation.SmartRulesEngine cannot be applied to given types;
[ERROR]   required: com.axion.bot.moderation.ContentRuleEngine,com.axion.bot.moderation.BehaviorRuleEngine,com.axion.bot.moderation.ContextRuleEngine
[ERROR]   found:    no arguments
[ERROR]   reason: actual and formal argument lists differ in length
[ERROR] /C:/Users/Andreas/OneDrive/Documents/GitHub/Axion.github.io/src/main/java/com/axion/bot/moderation/OptimizedModerationManager.java:[96,34] constructor ThreatIntelligenceSystem in class com.axion.bot.moderation.ThreatIntelligenceSystem cannot be applied to given types;
[ERROR]   required: com.axion.bot.moderation.ThreatIntelligenceSystem.ThreatIntelligenceConfig
[ERROR]   found:    no arguments
[ERROR]   reason: actual and formal argument lists differ in length
[ERROR] /C:/Users/Andreas/OneDrive/Documents/GitHub/Axion.github.io/src/main/java/com/axion/bot/moderation/OptimizedModerationManager.java:[97,31] constructor AdvancedRaidProtection in class com.axion.bot.moderation.AdvancedRaidProtection cannot be applied to given types;
[ERROR]   required: com.axion.bot.moderation.AdvancedRaidProtection.RaidProtectionConfig
[ERROR]   found:    no arguments
[ERROR]   reason: actual and formal argument lists differ in length
[ERROR] /C:/Users/Andreas/OneDrive/Documents/GitHub/Axion.github.io/src/main/java/com/axion/bot/moderation/OptimizedModerationManager.java:[108,30] cannot find symbol
[ERROR]   symbol:   method executeGeneralTask(()->{ try [...]} } })
[ERROR]   location: variable asyncProcessor of type com.axion.bot.utils.OptimizedAsyncProcessor
[ERROR] /C:/Users/Andreas/OneDrive/Documents/GitHub/Axion.github.io/src/main/java/com/axion/bot/moderation/OptimizedModerationManager.java:[127,31] cannot find symbol
[ERROR]   symbol:   method executeGeneralTask(()->{ prof[...]ll; })
[ERROR]   location: variable asyncProcessor of type com.axion.bot.utils.OptimizedAsyncProcessor
[ERROR] /C:/Users/Andreas/OneDrive/Documents/GitHub/Axion.github.io/src/main/java/com/axion/bot/moderation/OptimizedModerationManager.java:[154,54] cannot find symbol
[ERROR]   symbol:   method borrowStringBuilder()
[ERROR]   location: variable objectPoolManager of type com.axion.bot.utils.ObjectPoolManager
[ERROR] /C:/Users/Andreas/OneDrive/Documents/GitHub/Axion.github.io/src/main/java/com/axion/bot/moderation/OptimizedModerationManager.java:[159,23] cannot find symbol
[ERROR]   symbol:   method isAiDetectionEnabled()
[ERROR]   location: variable config of type com.axion.bot.moderation.ModerationConfig
[ERROR] /C:/Users/Andreas/OneDrive/Documents/GitHub/Axion.github.io/src/main/java/com/axion/bot/moderation/OptimizedModerationManager.java:[162,21] constructor ConversationContext in class com.axion.bot.moderation.ConversationContext cannot be applied to given types;
[ERROR]   required: java.lang.String,java.lang.String,java.lang.String,java.util.List<java.lang.String>,com.axion.bot.moderation.UserBehaviorProfile,boolean,boolean
[ERROR]   found:    net.dv8tion.jda.api.events.message.MessageReceivedEvent,com.axion.bot.moderation.UserModerationProfile
[ERROR]   reason: actual and formal argument lists differ in length
[ERROR] /C:/Users/Andreas/OneDrive/Documents/GitHub/Axion.github.io/src/main/java/com/axion/bot/moderation/OptimizedModerationManager.java:[174,23] cannot find symbol
[ERROR]   symbol:   method isBehavioralAnalysisEnabled()
[ERROR]   location: variable config of type com.axion.bot.moderation.ModerationConfig
[ERROR] /C:/Users/Andreas/OneDrive/Documents/GitHub/Axion.github.io/src/main/java/com/axion/bot/moderation/OptimizedModerationManager.java:[177,42] incompatible types: java.util.List<com.axion.bot.moderation.RecentActivity> cannot be converted to java.util.List<com.axion.bot.moderation.UserActivity>
[ERROR] -> [Help 1]
[ERROR] 
[ERROR] To see the full stack trace of the errors, re-run Maven with the -e switch.
[ERROR] Re-run Maven using the -X switch to enable full debug logging.
[ERROR] 
[ERROR] For more information about the errors and possible solutions, please read the following articles:
[ERROR] [Help 1] http://cwiki.apache.org/confluence/display/MAVEN/MojoFailureException
